Analyzing Inspectra...                                          

   info - 'value' is deprecated and shouldn't be used. Use initialValue instead. This will set the initial value for the form field. This feature was deprecated after v3.33.0-1.0.pre - lib\assign_task_page.dart:722:11 - deprecated_member_use
warning - Unused import: 'services/auth_service.dart' - lib\conversation_page.dart:7:8 - unused_import
warning - Unused import: 'services/manager_service.dart' - lib\conversation_page.dart:9:8 - unused_import
   info - Don't use 'BuildContext's across async gaps - lib\conversation_page.dart:145:23 - use_build_context_synchronously
   info - Don't use 'BuildContext's across async gaps - lib\conversation_page.dart:149:28 - use_build_context_synchronously
   info - Don't use 'BuildContext's across async gaps - lib\conversation_page.dart:168:28 - use_build_context_synchronously
warning - The declaration '_formatTime' isn't referenced - lib\conversation_page.dart:368:10 - unused_element
  error - The method 'getWeeklyPerformance' isn't defined for the type 'DashboardService' - lib\dashboard_page.dart:81:45 - undefined_method
  error - The method '_StatCardData' isn't defined for the type '_DashboardModuleState' - lib\dashboard_page.dart:699:7 - undefined_method
  error - The method '_StatCardData' isn't defined for the type '_DashboardModuleState' - lib\dashboard_page.dart:700:7 - undefined_method
  error - The method '_StatCardData' isn't defined for the type '_DashboardModuleState' - lib\dashboard_page.dart:701:7 - undefined_method
  error - The method '_StatCardData' isn't defined for the type '_DashboardModuleState' - lib\dashboard_page.dart:702:7 - undefined_method
  error - The method '_StatCardData' isn't defined for the type '_DashboardModuleState' - lib\dashboard_page.dart:703:7 - undefined_method
warning - The declaration '_buildWeeklyPerformanceChart' isn't referenced - lib\dashboard_page.dart:858:10 - unused_element
warning - The declaration '_buildStatsGrid' isn't referenced - lib\dashboard_page.dart:977:10 - unused_element
warning - Unused import: 'package:printing/printing.dart' - lib\inspection_review_page.dart:4:8 - unused_import
warning - Unused import: 'services/report_generation_service.dart' - lib\inspection_review_page.dart:8:8 - unused_import
   info - The private field _externalFindings could be 'final' - lib\inspection_workflow_page.dart:34:37 - prefer_final_fields
   info - The private field _internalFindings could be 'final' - lib\inspection_workflow_page.dart:35:37 - prefer_final_fields
   info - The private field _cmlMeasurements could be 'final' - lib\inspection_workflow_page.dart:45:30 - prefer_final_fields
   info - The private field _defects could be 'final' - lib\inspection_workflow_page.dart:48:30 - prefer_final_fields
   info - The private field _allPhotos could be 'final' - lib\inspection_workflow_page.dart:49:15 - prefer_final_fields
   info - 'value' is deprecated and shouldn't be used. Use initialValue instead. This will set the initial value for the form field. This feature was deprecated after v3.33.0-1.0.pre - lib\inspection_workflow_page.dart:675:27 - deprecated_member_use
   info - 'value' is deprecated and shouldn't be used. Use initialValue instead. This will set the initial value for the form field. This feature was deprecated after v3.33.0-1.0.pre - lib\inspection_workflow_page.dart:706:27 - deprecated_member_use
   info - 'value' is deprecated and shouldn't be used. Use initialValue instead. This will set the initial value for the form field. This feature was deprecated after v3.33.0-1.0.pre - lib\inspection_workflow_page.dart:788:27 - deprecated_member_use
   info - 'value' is deprecated and shouldn't be used. Use initialValue instead. This will set the initial value for the form field. This feature was deprecated after v3.33.0-1.0.pre - lib\inspection_workflow_page.dart:797:27 - deprecated_member_use
   info - 'value' is deprecated and shouldn't be used. Use initialValue instead. This will set the initial value for the form field. This feature was deprecated after v3.33.0-1.0.pre - lib\inspection_workflow_page.dart:806:27 - deprecated_member_use
   info - 'value' is deprecated and shouldn't be used. Use initialValue instead. This will set the initial value for the form field. This feature was deprecated after v3.33.0-1.0.pre - lib\inspection_workflow_page.dart:1060:11 - deprecated_member_use
   info - Don't use 'BuildContext's across async gaps - lib\login_page.dart:88:42 - use_build_context_synchronously
   info - Don't use 'BuildContext's across async gaps - lib\login_page.dart:90:42 - use_build_context_synchronously
warning - Unused import: 'manager_user_management_page.dart' - lib\manager_dashboard_page.dart:8:8 - unused_import
warning - Unused import: 'threads_list_page.dart' - lib\manager_dashboard_page.dart:9:8 - unused_import
warning - Unused import: 'inspector_profile_page.dart' - lib\manager_dashboard_page.dart:11:8 - unused_import
   info - The private field _selectedPeriod could be 'final' - lib\manager_dashboard_page.dart:30:20 - prefer_final_fields
warning - The value of the field '_selectedPeriod' isn't used - lib\manager_dashboard_page.dart:30:20 - unused_field
warning - The declaration '_buildDashboardContent' isn't referenced - lib\manager_dashboard_page.dart:421:10 - unused_element
   info - 'value' is deprecated and shouldn't be used. Use initialValue instead. This will set the initial value for the form field. This feature was deprecated after v3.33.0-1.0.pre - lib\manager_user_management_page.dart:165:27 - deprecated_member_use
   info - 'activeColor' is deprecated and shouldn't be used. Use activeThumbColor instead. This feature was deprecated after v3.31.0-2.0.pre - lib\manager_user_management_page.dart:223:29 - deprecated_member_use
   info - Don't use 'BuildContext's across async gaps, guarded by an unrelated 'mounted' check - lib\manager_user_management_page.dart:288:58 - use_build_context_synchronously
   info - Don't use 'BuildContext's across async gaps, guarded by an unrelated 'mounted' check - lib\manager_user_management_page.dart:293:54 - use_build_context_synchronously
   info - Don't use 'BuildContext's across async gaps, guarded by an unrelated 'mounted' check - lib\manager_user_management_page.dart:311:52 - use_build_context_synchronously
   info - 'value' is deprecated and shouldn't be used. Use initialValue instead. This will set the initial value for the form field. This feature was deprecated after v3.33.0-1.0.pre - lib\manager_user_management_page.dart:673:27 - deprecated_member_use
   info - 'activeColor' is deprecated and shouldn't be used. Use activeThumbColor instead. This feature was deprecated after v3.31.0-2.0.pre - lib\manager_user_management_page.dart:708:29 - deprecated_member_use
   info - Don't use 'BuildContext's across async gaps, guarded by an unrelated 'mounted' check - lib\manager_user_management_page.dart:746:47 - use_build_context_synchronously
   info - Don't use 'BuildContext's across async gaps, guarded by an unrelated 'mounted' check - lib\manager_user_management_page.dart:747:54 - use_build_context_synchronously
   info - Don't use 'BuildContext's across async gaps, guarded by an unrelated 'mounted' check - lib\manager_user_management_page.dart:763:52 - use_build_context_synchronously
   info - 'activeColor' is deprecated and shouldn't be used. Use activeThumbColor instead. This feature was deprecated after v3.31.0-2.0.pre - lib\manager_user_management_page.dart:837:21 - deprecated_member_use
   info - Don't use 'BuildContext's across async gaps, guarded by an unrelated 'mounted' check - lib\manager_user_management_page.dart:889:56 - use_build_context_synchronously
   info - Don't use 'BuildContext's across async gaps, guarded by an unrelated 'mounted' check - lib\manager_user_management_page.dart:894:52 - use_build_context_synchronously
   info - Don't use 'BuildContext's across async gaps, guarded by an unrelated 'mounted' check - lib\manager_user_management_page.dart:902:50 - use_build_context_synchronously
   info - Don't use 'BuildContext's across async gaps, guarded by an unrelated 'mounted' check - lib\manager_user_management_page.dart:979:43 - use_build_context_synchronously
   info - Don't use 'BuildContext's across async gaps, guarded by an unrelated 'mounted' check - lib\manager_user_management_page.dart:980:50 - use_build_context_synchronously
   info - Don't use 'BuildContext's across async gaps, guarded by an unrelated 'mounted' check - lib\manager_user_management_page.dart:989:48 - use_build_context_synchronously
   info - Don't use 'BuildContext's across async gaps - lib\manager_user_management_page.dart:1483:48 - use_build_context_synchronously
   info - Don't use 'BuildContext's across async gaps - lib\manager_user_management_page.dart:1491:48 - use_build_context_synchronously
   info - Don't use 'BuildContext's across async gaps - lib\report_review_page.dart:222:48 - use_build_context_synchronously
   info - Don't use 'BuildContext's across async gaps - lib\report_review_page.dart:239:48 - use_build_context_synchronously
   info - Don't invoke 'print' in production code - lib\services\auth_service.dart:68:7 - avoid_print
   info - Don't invoke 'print' in production code - lib\services\dashboard_service.dart:35:7 - avoid_print
   info - Don't invoke 'print' in production code - lib\services\dashboard_service.dart:38:7 - avoid_print
   info - Don't invoke 'print' in production code - lib\services\dashboard_service.dart:274:7 - avoid_print
   info - Don't invoke 'print' in production code - lib\services\dashboard_service.dart:336:7 - avoid_print
   info - Don't invoke 'print' in production code - lib\services\dashboard_service.dart:359:7 - avoid_print
   info - Don't invoke 'print' in production code - lib\services\dashboard_service.dart:388:8 - avoid_print
   info - Don't invoke 'print' in production code - lib\services\messaging_service.dart:21:7 - avoid_print
   info - Don't invoke 'print' in production code - lib\services\messaging_service.dart:38:7 - avoid_print
   info - Don't invoke 'print' in production code - lib\services\profile_service.dart:106:5 - avoid_print
   info - Dangling library doc comment - lib\services\report_generation_service.dart:1:1 - dangling_library_doc_comments
  error - The named parameter 'meta' is required, but there's no corresponding argument - lib\widgets\dashboard_chart_widgets.dart:60:24 - missing_required_argument
  error - The named parameter 'axisSide' isn't defined - lib\widgets\dashboard_chart_widgets.dart:61:19 - undefined_named_parameter
   info - Unnecessary braces in a string interpolation - lib\widgets\dashboard_chart_widgets.dart:168:23 - unnecessary_brace_in_string_interps
   info - Unnecessary braces in a string interpolation - lib\widgets\dashboard_chart_widgets.dart:180:23 - unnecessary_brace_in_string_interps
   info - Unnecessary braces in a string interpolation - lib\widgets\dashboard_chart_widgets.dart:192:23 - unnecessary_brace_in_string_interps

flutter : 73 issues found. 
(ran in 2.3s)
At line:1 char:1
+ flutter analyze 2>&1 | 
Out-File -Encoding UTF8 
-FilePath compile_erro ...
+ ~~~~~~~~~~~~~~~~~~~~
    + CategoryInfo          
    : NotSpecified: (73 is  
  sues found. (ran in 2.3   
 s):String) [], RemoteEx    
ception
    + FullyQualifiedErrorId 
    : NativeCommandError
 
